Wed 14 Jan 2026 19:54:21 +08
Wed 14 Jan 2026 19:54:45 +08
Wed 14 Jan 2026 19:54:53 +08
Wed 14 Jan 2026 19:55:02 +08
Wed 14 Jan 2026 19:55:49 +08
Wed 14 Jan 2026 19:56:55 +08
